{
  "type": "by-term",
  "term": "an example search term"
}