{
  "type": "by-ids",
  "ids": [
    4,
    7,
    9
  ]
}